gui.c:77:6:lcd_start	8	static
gui.c:126:5:initialize_touchscreen	8	static
gui.c:135:6:touchscreen_loop_init	8	static
gui.c:146:18:check_touchscreen	48	static
gui.c:209:6:update_actual_time	80	static
gui.c:219:6:show_full_time	80	static
gui.c:229:6:update_progress_bar	16	static
gui.c:243:6:update_volume_bar	16	static
gui.c:313:6:update_play_pause_button	32	static
gui.c:251:6:refresh_screen	112	static
gui.c:268:6:draw_buttons	48	static
gui.c:114:6:draw_background	8	static
gui.c:334:10:getXPix	8	static
gui.c:338:10:getYPix	8	static
