mp3_player.c:213:6:BSP_init	8	static
mp3_player.c:284:5:mp3_player_process_frame	88	static
mp3_player.c:226:6:mp3_player_play	40	static
mp3_player.c:76:6:mp3_player_fsm	384	static
mp3_player.c:358:6:BSP_AUDIO_OUT_TransferComplete_CallBack	8	static
mp3_player.c:370:6:BSP_AUDIO_OUT_HalfTransfer_CallBack	8	static
mp3_player.c:382:5:fill_input_buffer	32	static
mp3_player.c:410:6:update_volume	8	static
mp3_player.c:416:6:copy_leftover	0	static
mp3_player.c:425:6:reset_player_state	0	static
