stm32f7xx_hal_msp.c:60:6:HAL_MspInit	16	static
stm32f7xx_hal_msp.c:92:6:HAL_ADC_MspInit	40	static
stm32f7xx_hal_msp.c:130:6:HAL_ADC_MspDeInit	8	static
stm32f7xx_hal_msp.c:161:6:HAL_CRC_MspInit	8	static
stm32f7xx_hal_msp.c:178:6:HAL_CRC_MspDeInit	0	static
stm32f7xx_hal_msp.c:195:6:HAL_DCMI_MspInit	40	static
stm32f7xx_hal_msp.c:263:6:HAL_DCMI_MspDeInit	8	static
stm32f7xx_hal_msp.c:305:6:HAL_DMA2D_MspInit	16	static
stm32f7xx_hal_msp.c:325:6:HAL_DMA2D_MspDeInit	0	static
stm32f7xx_hal_msp.c:345:6:HAL_I2C_MspInit	48	static
stm32f7xx_hal_msp.c:398:6:HAL_I2C_MspDeInit	0	static
stm32f7xx_hal_msp.c:440:6:HAL_LTDC_MspInit	40	static
stm32f7xx_hal_msp.c:531:6:HAL_LTDC_MspDeInit	8	static
stm32f7xx_hal_msp.c:595:6:HAL_QSPI_MspInit	48	static
stm32f7xx_hal_msp.c:650:6:HAL_QSPI_MspDeInit	8	static
stm32f7xx_hal_msp.c:682:6:HAL_RTC_MspInit	0	static
stm32f7xx_hal_msp.c:699:6:HAL_RTC_MspDeInit	0	static
stm32f7xx_hal_msp.c:716:6:HAL_SD_MspInit	48	static
stm32f7xx_hal_msp.c:758:6:HAL_SD_MspDeInit	8	static
stm32f7xx_hal_msp.c:789:6:HAL_SPDIFRX_MspInit	40	static
stm32f7xx_hal_msp.c:818:6:HAL_SPDIFRX_MspDeInit	0	static
stm32f7xx_hal_msp.c:841:6:HAL_SPI_MspInit	40	static
stm32f7xx_hal_msp.c:879:6:HAL_SPI_MspDeInit	8	static
stm32f7xx_hal_msp.c:906:6:HAL_TIM_Base_MspInit	24	static
stm32f7xx_hal_msp.c:978:6:HAL_TIM_PWM_MspInit	8	static
stm32f7xx_hal_msp.c:995:6:HAL_TIM_MspPostInit	40	static
stm32f7xx_hal_msp.c:1101:6:HAL_TIM_Base_MspDeInit	0	static
stm32f7xx_hal_msp.c:1173:6:HAL_TIM_PWM_MspDeInit	0	static
stm32f7xx_hal_msp.c:1190:6:HAL_UART_MspInit	48	static
stm32f7xx_hal_msp.c:1250:6:HAL_UART_MspDeInit	8	static
stm32f7xx_hal_msp.c:1401:6:HAL_SDRAM_MspInit	48	static
stm32f7xx_hal_msp.c:1487:6:HAL_SDRAM_MspDeInit	8	static
stm32f7xx_hal_msp.c:1499:6:HAL_SAI_MspInit	56	static
stm32f7xx_hal_msp.c:1549:6:HAL_SAI_MspDeInit	8	static
