syscalls.c:96:9:_sbrk	8	static
syscalls.c:129:5:_gettimeofday	0	static
syscalls.c:143:6:initialise_monitor_handles	0	static
syscalls.c:147:5:_getpid	0	static
syscalls.c:152:5:_kill	8	static
unistd.h:18:6:_exit	8	static
syscalls.c:164:5:_write	16	static
syscalls.c:175:5:_close	0	static
syscalls.c:180:5:_fstat	0	static
syscalls.c:186:5:_isatty	0	static
syscalls.c:191:5:_lseek	0	static
syscalls.c:196:5:_read	16	static
syscalls.c:208:5:_open	0	static
wait.h:38:7:_wait	8	static
syscalls.c:220:5:_unlink	8	static
syscalls.c:226:5:_times	0	static
syscalls.c:231:5:_stat	0	static
syscalls.c:237:5:_link	8	static
syscalls.c:243:5:_fork	8	static
syscalls.c:249:5:_execve	8	static
