usbh_core.c:110:21:USBH_Init	48	static
usbh_core.c:161:21:USBH_DeInit	16	static
usbh_core.c:218:21:USBH_RegisterClass	8	static
usbh_core.c:252:20:USBH_SelectInterface	16	static
usbh_core.c:279:9:USBH_GetActiveClass	0	static
usbh_core.c:293:10:USBH_FindInterface	8	static
usbh_core.c:325:10:USBH_FindInterfaceIndex	0	static
usbh_core.c:352:21:USBH_Start	8	static
usbh_core.c:369:21:USBH_Stop	8	static
usbh_core.c:390:21:USBH_ReEnumerate	16	static
usbh_core.c:416:21:USBH_Process	48	static
usbh_core.c:987:13:USBH_Process_OS	24	static
usbh_core.c:846:7:USBH_LL_SetTimer	0	static
usbh_core.c:856:7:USBH_LL_IncTimer	0	static
usbh_core.c:882:6:USBH_LL_PortEnabled	0	static
usbh_core.c:895:6:USBH_LL_PortDisabled	0	static
usbh_core.c:908:9:USBH_IsPortEnabled	0	static
usbh_core.c:920:21:USBH_LL_Connect	8	static
usbh_core.c:951:21:USBH_LL_Disconnect	8	static
usbh_core.c:1008:21:USBH_LL_NotifyURBChange	8	static
